  Lab11_main.cpp
C:\Users\Asus\Desktop\Лабораторные\Classes\Lab11\Lab11_main.cpp(232,9): warning C4984: "if constexpr" — расширение языка C++17
      C:\Users\Asus\Desktop\Лабораторные\Classes\Lab11\Lab11_main.cpp(232,9):
      контекст создания экземпляра шаблона (сначала самый старый)
          C:\Users\Asus\Desktop\Лабораторные\Classes\Lab11\Lab11_main.cpp(226,7):
          при компиляции шаблона класса "MyList"
  
C:\Users\Asus\Desktop\Лабораторные\Classes\Lab11\Lab11_main.cpp(235,14): warning C4984: "if constexpr" — расширение языка C++17
C:\Users\Asus\Desktop\Лабораторные\Classes\Lab11\Lab11_main.cpp(242,9): warning C4984: "if constexpr" — расширение языка C++17
C:\Users\Asus\Desktop\Лабораторные\Classes\Lab11\Lab11_main.cpp(246,14): warning C4984: "if constexpr" — расширение языка C++17
C:\Users\Asus\Desktop\Лабораторные\Classes\Lab11\Lab11_main.cpp(254,9): warning C4984: "if constexpr" — расширение языка C++17
C:\Users\Asus\Desktop\Лабораторные\Classes\Lab11\Lab11_main.cpp(257,14): warning C4984: "if constexpr" — расширение языка C++17
C:\Users\Asus\Desktop\Лабораторные\Classes\Lab11\Lab11_main.cpp(265,9): warning C4984: "if constexpr" — расширение языка C++17
C:\Users\Asus\Desktop\Лабораторные\Classes\Lab11\Lab11_main.cpp(274,14): warning C4984: "if constexpr" — расширение языка C++17
C:\Users\Asus\Desktop\Лабораторные\Classes\Lab11\Lab11_main.cpp(295,9): warning C4984: "if constexpr" — расширение языка C++17
C:\Users\Asus\Desktop\Лабораторные\Classes\Lab11\Lab11_main.cpp(301,14): warning C4984: "if constexpr" — расширение языка C++17
C:\Users\Asus\Desktop\Лабораторные\Classes\Lab11\Lab11_main.cpp(314,9): warning C4984: "if constexpr" — расширение языка C++17
C:\Users\Asus\Desktop\Лабораторные\Classes\Lab11\Lab11_main.cpp(326,14): warning C4984: "if constexpr" — расширение языка C++17
C:\Users\Asus\Desktop\Лабораторные\Classes\Lab11\Lab11_main.cpp(477,9): warning C4984: "if constexpr" — расширение языка C++17
      C:\Users\Asus\Desktop\Лабораторные\Classes\Lab11\Lab11_main.cpp(477,9):
      контекст создания экземпляра шаблона (сначала самый старый)
          C:\Users\Asus\Desktop\Лабораторные\Classes\Lab11\Lab11_main.cpp(471,7):
          при компиляции шаблона класса "MyPriorityQueue"
  
C:\Users\Asus\Desktop\Лабораторные\Classes\Lab11\Lab11_main.cpp(483,14): warning C4984: "if constexpr" — расширение языка C++17
C:\Users\Asus\Desktop\Лабораторные\Classes\Lab11\Lab11_main.cpp(493,9): warning C4984: "if constexpr" — расширение языка C++17
C:\Users\Asus\Desktop\Лабораторные\Classes\Lab11\Lab11_main.cpp(497,14): warning C4984: "if constexpr" — расширение языка C++17
C:\Users\Asus\Desktop\Лабораторные\Classes\Lab11\Lab11_main.cpp(513,9): warning C4984: "if constexpr" — расширение языка C++17
C:\Users\Asus\Desktop\Лабораторные\Classes\Lab11\Lab11_main.cpp(531,14): warning C4984: "if constexpr" — расширение языка C++17
C:\Users\Asus\Desktop\Лабораторные\Classes\Lab11\Lab11_main.cpp(557,9): warning C4984: "if constexpr" — расширение языка C++17
C:\Users\Asus\Desktop\Лабораторные\Classes\Lab11\Lab11_main.cpp(572,14): warning C4984: "if constexpr" — расширение языка C++17
C:\Users\Asus\Desktop\Лабораторные\Classes\Lab11\Lab11_main.cpp(594,9): warning C4984: "if constexpr" — расширение языка C++17
C:\Users\Asus\Desktop\Лабораторные\Classes\Lab11\Lab11_main.cpp(622,14): warning C4984: "if constexpr" — расширение языка C++17
  Lab11.vcxproj -> C:\Users\Asus\Desktop\Лабораторные\Classes\Lab11\x64\Debug\Lab11.exe
